warning CS1701: 'Newtonsoft.Json'이(가) 사용하는 'netstandard, Version=2.0.0.0, Culture=neutral, PublicKeyToken=cc7b13ffcd2ddd51' 어셈블리 참조가 'netstandard'의 'netstandard, Version=2.1.0.0, Culture=neutral, PublicKeyToken=cc7b13ffcd2ddd51'과(와) 일치하는 것으로 간주합니다. 런타임 정책을 지정해야 합니다.
Assets\Nytherion\UI\Shop\ShopSlotUI.cs(31,41): warning CS0649: 'ShopSlotUI.legendarySlotSprite' 필드에는 할당되지 않으므로 항상 null 기본값을 사용합니다.
Assets\Nytherion\UI\Shop\SellPopupUI.cs(14,50): warning CS0649: 'SellPopupUI.amountText' 필드에는 할당되지 않으므로 항상 null 기본값을 사용합니다.
Assets\Nytherion\UI\Map\WorldmapController.cs(25,48): warning CS0649: 'WorldmapController.playerIcon' 필드에는 할당되지 않으므로 항상 null 기본값을 사용합니다.
Assets\Nytherion\UI\Skills\SkillUIController.cs(31,45): warning CS0649: 'SkillUIController.slotPrefab' 필드에는 할당되지 않으므로 항상 null 기본값을 사용합니다.
Assets\Nytherion\Gameplay\Combat\Behaviors\MeleeAttackBehavior.cs(19,51): warning CS0649: 'MeleeAttackBehavior.attackRangeCollider' 필드에는 할당되지 않으므로 항상 null 기본값을 사용합니다.
Assets\Nytherion\Core\Systems\GameSceneUIRefs.cs(96,46): warning CS0649: 'GameSceneUIRefs.shopPlayerGoldText' 필드에는 할당되지 않으므로 항상 null 기본값을 사용합니다.
Assets\Nytherion\Gameplay\Combat\VFX\ProjectileStartEffect.cs(10,48): warning CS0649: 'ProjectileStartEffect.animationClip' 필드에는 할당되지 않으므로 항상 null 기본값을 사용합니다.
Assets\Animations\Monster\Tree_Ranged\TreeRandomRangedBehavior.cs(32,43): warning CS0649: 'TreeRandomRangedBehavior.fireEffectAnimator' 필드에는 할당되지 않으므로 항상 null 기본값을 사용합니다.
Assets\Nytherion\Gameplay\Combat\Weapons\Ranged\PyrofallProjectile.cs(23,43): warning CS0649: 'PyrofallProjectile.explosionFrames' 필드에는 할당되지 않으므로 항상 null 기본값을 사용합니다.
Assets\Nytherion\Gameplay\Combat\Weapons\Ranged\LayLaserBeam.cs(14,49): warning CS0649: 'LayLaserBeam.endEffectRenderer' 필드에는 할당되지 않으므로 항상 null 기본값을 사용합니다.
Assets\Nytherion\UI\Debug\DebugPanelUI.cs(37,43): warning CS0649: 'DebugPanelUI.testShopData' 필드에는 할당되지 않으므로 항상 null 기본값을 사용합니다.
Assets\Nytherion\Gameplay\Combat\Weapons\Ranged\WeaponLaserBeam.cs(19,47): warning CS0649: 'WeaponLaserBeam.lineRenderer' 필드에는 할당되지 않으므로 항상 null 기본값을 사용합니다.
Assets\Nytherion\Core\Systems\VContainerBootstrap.cs(7,48): warning CS0649: 'VContainerBootstrap.rootLifetimeScope' 필드에는 할당되지 않으므로 항상 null 기본값을 사용합니다.
Assets\Nytherion\UI\Shop\SellSlotUI.cs(18,41): warning CS0649: 'SellSlotUI.sellButton' 필드에는 할당되지 않으므로 항상 null 기본값을 사용합니다.
Assets\Nytherion\UI\Settings\SettingsManager.cs(26,49): warning CS0649: 'SettingsManager.masterInputField' 필드에는 할당되지 않으므로 항상 null 기본값을 사용합니다.
Assets\Nytherion\Gameplay\Combat\Weapons\Melee\FlambergeWeapon.cs(25,45): warning CS0649: 'FlambergeWeapon.localEffectObject' 필드에는 할당되지 않으므로 항상 null 기본값을 사용합니다.
Assets\Nytherion\Gameplay\Characters\Enemy\BagEnemyProjectile.cs(19,49): warning CS0649: 'BagEnemyProjectile.shadowRenderer' 필드에는 할당되지 않으므로 항상 null 기본값을 사용합니다.
Assets\Nytherion\UI\Title\TitleMenuManager.cs(14,41): warning CS0649: 'TitleMenuManager.startButton' 필드에는 할당되지 않으므로 항상 null 기본값을 사용합니다.
Assets\Nytherion\Gameplay\Characters\Enemy\BagBarrageCombatBehavior.cs(36,44): warning CS0649: 'BagBarrageCombatBehavior.firePoint' 필드에는 할당되지 않으므로 항상 null 기본값을 사용합니다.
Assets\Nytherion\Core\Systems\GameSceneUIRefs.cs(114,46): warning CS0649: 'GameSceneUIRefs.shopRerollCostText' 필드에는 할당되지 않으므로 항상 null 기본값을 사용합니다.
Assets\Nytherion\Gameplay\Characters\Enemy\BagEnemyProjectile.cs(18,41): warning CS0649: 'BagEnemyProjectile.fixedVisualSprite' 필드에는 할당되지 않으므로 항상 null 기본값을 사용합니다.
Assets\Nytherion\Core\Systems\GameSceneUIRefs.cs(16,43): warning CS0649: 'GameSceneUIRefs.relicTooltip' 필드에는 할당되지 않으므로 항상 null 기본값을 사용합니다.
Assets\Nytherion\Gameplay\Combat\Behaviors\RangedAttackBehavior.cs(17,45): warning CS0649: 'RangedAttackBehavior.projectilePrefab' 필드에는 할당되지 않으므로 항상 null 기본값을 사용합니다.
Assets\Nytherion\UI\Shop\SellPopupUI.cs(17,41): warning CS0649: 'SellPopupUI.cancelButton' 필드에는 할당되지 않으므로 항상 null 기본값을 사용합니다.
Assets\Nytherion\Core\Systems\GameSceneLifetimeScope.cs(28,46): warning CS0169: 'GameSceneLifetimeScope.gameSceneUIRefs' 필드가 사용되지 않았습니다.
Assets\Nytherion\Core\Systems\GameSceneUIRefs.cs(88,41): warning CS0649: 'GameSceneUIRefs.shopUIPrefab' 필드에는 할당되지 않으므로 항상 null 기본값을 사용합니다.
Assets\Nytherion\Core\Managers\RelicManager.cs(22,50): warning CS0649: 'RelicManager.relicDatabaseSO' 필드에는 할당되지 않으므로 항상 null 기본값을 사용합니다.
Assets\Nytherion\Gameplay\Combat\Behaviors\EnemyAnimationEventRelay.cs(11,47): warning CS0649: 'EnemyAnimationEventRelay.frogJumpMovement' 필드에는 할당되지 않으므로 항상 null 기본값을 사용합니다.
Assets\Nytherion\UI\Skills\SkillTooltip.cs(14,46): warning CS0649: 'SkillTooltip.canvasGroup' 필드에는 할당되지 않으므로 항상 null 기본값을 사용합니다.
Assets\Nytherion\UI\Skills\SkillTooltip.cs(19,50): warning CS0649: 'SkillTooltip.descriptionText' 필드에는 할당되지 않으므로 항상 null 기본값을 사용합니다.
Assets\Nytherion\Core\Systems\GameSceneLifetimeScope.cs(39,42): warning CS0649: 'GameSceneLifetimeScope.inventoryUIPrefab' 필드에는 할당되지 않으므로 항상 null 기본값을 사용합니다.
Assets\Nytherion\UI\Title\TitleLifetimeScope.cs(12,51): warning CS0649: 'TitleLifetimeScope.titleMenuManagerPrefab' 필드에는 할당되지 않으므로 항상 null 기본값을 사용합니다.
Assets\Nytherion\UI\Settings\MenuManager.cs(20,50): warning CS0169: 'MenuManager.gameSceneuiRefs' 필드가 사용되지 않았습니다.
Assets\Nytherion\Core\Systems\RootLifetimeScope.cs(30,45): warning CS0649: 'RootLifetimeScope.itemDatabase' 필드에는 할당되지 않으므로 항상 null 기본값을 사용합니다.
Assets\Nytherion\Gameplay\Characters\Enemy\Bat_Monster\BatAerialCollisionController.cs(10,45): warning CS0649: 'BatAerialCollisionController.hurtbox' 필드에는 할당되지 않으므로 항상 null 기본값을 사용합니다.
Assets\Nytherion\UI\HUD\CurrencyDisplay.cs(14,39): warning CS0649: 'CurrencyDisplay.amountText' 필드에는 할당되지 않으므로 항상 null 기본값을 사용합니다.
Assets\Nytherion\UI\Relics\Board\RelicTooltip.cs(29,36): warning CS0649: 'RelicTooltip.setBadgeBackground' 필드에는 할당되지 않으므로 항상 null 기본값을 사용합니다.
Assets\Nytherion\Gameplay\Combat\Weapons\Ranged\PyrofallProjectile.cs(22,43): warning CS0649: 'PyrofallProjectile.fireballFrames' 필드에는 할당되지 않으므로 항상 null 기본값을 사용합니다.
Assets\Nytherion\Core\Systems\GameSceneLifetimeScope.cs(40,37): warning CS0649: 'GameSceneLifetimeScope.shopUIPrefab' 필드에는 할당되지 않으므로 항상 null 기본값을 사용합니다.
Assets\Nytherion\Core\Systems\GameSceneUIRefs.cs(136,37): warning CS0649: 'GameSceneUIRefs.menuMainMenuButton' 필드에는 할당되지 않으므로 항상 null 기본값을 사용합니다.
Assets\Nytherion\UI\Common\Components\TooltipPanel.cs(20,46): warning CS0649: 'TooltipPanel.canvasGroup' 필드에는 할당되지 않으므로 항상 null 기본값을 사용합니다.
Assets\Nytherion\Core\Systems\GameSceneLifetimeScope.cs(61,46): warning CS0649: 'GameSceneLifetimeScope.settingsManagerPrefab' 필드에는 할당되지 않으므로 항상 null 기본값을 사용합니다.
Assets\Nytherion\UI\Shop\BuyPopupUI.cs(16,41): warning CS0649: 'BuyPopupUI.confirmButton' 필드에는 할당되지 않으므로 항상 null 기본값을 사용합니다.
Assets\Nytherion\Core\Systems\GameSceneUIRefs.cs(118,46): warning CS0649: 'GameSceneUIRefs.shopAdvancedRerollCostText' 필드에는 할당되지 않으므로 항상 null 기본값을 사용합니다.
Assets\Nytherion\Gameplay\Characters\Enemy\BagBarrageCombatBehavior.cs(32,45): warning CS0649: 'BagBarrageCombatBehavior.projectilePrefab' 필드에는 할당되지 않으므로 항상 null 기본값을 사용합니다.
Assets\Nytherion\UI\Debug\DebugPanelUI.cs(31,45): warning CS0649: 'DebugPanelUI.contentPanel2' 필드에는 할당되지 않으므로 항상 null 기본값을 사용합니다.
Assets\Nytherion\UI\Relics\Board\RelicSlotCell.cs(10,40): warning CS0649: 'RelicSlotCell.backgroundImage' 필드에는 할당되지 않으므로 항상 null 기본값을 사용합니다.
Assets\Nytherion\Core\Managers\AudioManager.cs(12,46): warning CS0649: 'AudioManager.bgmSource' 필드에는 할당되지 않으므로 항상 null 기본값을 사용합니다.
Assets\Nytherion\UI\Shop\ShopSlotUI.cs(21,50): warning CS0649: 'ShopSlotUI.priceText' 필드에는 할당되지 않으므로 항상 null 기본값을 사용합니다.
Assets\Nytherion\UI\Shop\ShopSlotUI.cs(30,41): warning CS0649: 'ShopSlotUI.epicSlotSprite' 필드에는 할당되지 않으므로 항상 null 기본값을 사용합니다.
Assets\Nytherion\Gameplay\Characters\Companions\SummonedCompanion.cs(45,40): warning CS0649: 'SummonedCompanion.projectileRotationOffset' 필드에는 할당되지 않으므로 항상 0 기본값을 사용합니다.
Assets\Nytherion\UI\Common\Components\TooltipPanel.cs(21,50): warning CS0649: 'TooltipPanel.nameText' 필드에는 할당되지 않으므로 항상 null 기본값을 사용합니다.
Assets\Nytherion\Gameplay\Combat\Weapons\Ranged\PyrofallWeapon.cs(26,49): warning CS0649: 'PyrofallWeapon.castFlashRenderer' 필드에는 할당되지 않으므로 항상 null 기본값을 사용합니다.
Assets\Nytherion\UI\Shop\SellPopupUI.cs(13,50): warning CS0649: 'SellPopupUI.priceText' 필드에는 할당되지 않으므로 항상 null 기본값을 사용합니다.
Assets\Nytherion\UI\Debug\DebugPanelUI.cs(46,48): warning CS0649: 'DebugPanelUI.trainingDummyPrefab' 필드에는 할당되지 않으므로 항상 null 기본값을 사용합니다.
Assets\Nytherion\Gameplay\Characters\Companions\SummonedCompanion.cs(43,42): warning CS0649: 'SummonedCompanion.projectileSpawnOffset' 필드에는 할당되지 않으므로 항상  기본값을 사용합니다.
Assets\Nytherion\Gameplay\Combat\VFX\PyrofallHitEffect.cs(12,43): warning CS0649: 'PyrofallHitEffect.frames' 필드에는 할당되지 않으므로 항상 null 기본값을 사용합니다.
Assets\Nytherion\Gameplay\Skills\Abilities\ChainIgnition\ChainIgnitionWave.cs(13,51): warning CS0649: 'ChainIgnitionWave.explosionRenderers' 필드에는 할당되지 않으므로 항상 null 기본값을 사용합니다.
Assets\Nytherion\UI\Progression\MilestoneUIController.cs(22,54): warning CS0169: 'MilestoneUIController.milestoneDatabase' 필드가 사용되지 않았습니다.
Assets\Animations\Monster\Tree_Ranged\TreeRandomRangedBehavior.cs(21,44): warning CS0649: 'TreeRandomRangedBehavior.firePoint' 필드에는 할당되지 않으므로 항상 null 기본값을 사용합니다.
Assets\Nytherion\UI\Common\Components\TooltipPanel.cs(22,50): warning CS0649: 'TooltipPanel.descriptionText' 필드에는 할당되지 않으므로 항상 null 기본값을 사용합니다.
Assets\Nytherion\Gameplay\Dungeon\Generation\TilemapVisualizer.cs(30,43): warning CS0649: 'TilemapVisualizer.wallRuleTile' 필드에는 할당되지 않으므로 항상 null 기본값을 사용합니다.
Assets\Nytherion\Core\Systems\GameSceneUIRefs.cs(27,42): warning CS0649: 'GameSceneUIRefs.inventoryCanvasGroup' 필드에는 할당되지 않으므로 항상 null 기본값을 사용합니다.
Assets\Nytherion\UI\Settings\SettingsManager.cs(28,49): warning CS0649: 'SettingsManager.sfxInputField' 필드에는 할당되지 않으므로 항상 null 기본값을 사용합니다.
Assets\Nytherion\Core\Managers\InteractionManager.cs(16,44): warning CS0649: 'InteractionManager.interactableLayer' 필드에는 할당되지 않으므로 항상  기본값을 사용합니다.
Assets\Nytherion\Core\Systems\DataLifetimeScope.cs(18,54): warning CS0649: 'DataLifetimeScope.currencyDataManagerPrefab' 필드에는 할당되지 않으므로 항상 null 기본값을 사용합니다.
Assets\Nytherion\UI\Settings\SettingsManager.cs(31,41): warning CS0649: 'SettingsManager.masterUpButton' 필드에는 할당되지 않으므로 항상 null 기본값을 사용합니다.
Assets\Nytherion\UI\Map\WorldmapController.cs(24,45): warning CS0649: 'WorldmapController.roomIconPrefab' 필드에는 할당되지 않으므로 항상 null 기본값을 사용합니다.
Assets\Nytherion\Core\Systems\GameSceneUIRefs.cs(82,43): warning CS0649: 'GameSceneUIRefs.resolutionDropdown' 필드에는 할당되지 않으므로 항상 null 기본값을 사용합니다.
Assets\Nytherion\Gameplay\Combat\Weapons\Melee\ShortDagger.cs(51,45): warning CS0649: 'ShortDagger.thrustEffectObject' 필드에는 할당되지 않으므로 항상 null 기본값을 사용합니다.
Assets\Nytherion\UI\Debug\DebugPanelUI.cs(40,44): warning CS0649: 'DebugPanelUI.meleeEnemyData' 필드에는 할당되지 않으므로 항상 null 기본값을 사용합니다.
Assets\Nytherion\UI\Shop\ShopSlotUI.cs(23,46): warning CS0649: 'ShopSlotUI.canvasGroup' 필드에는 할당되지 않으므로 항상 null 기본값을 사용합니다.
Assets\Nytherion\UI\Inventory\CharacterStatsUI.cs(19,48): warning CS0649: 'CharacterStatsUI.statsContainer' 필드에는 할당되지 않으므로 항상 null 기본값을 사용합니다.
Assets\Nytherion\UI\Shop\SellSlotUI.cs(21,45): warning CS0649: 'SellSlotUI.contentPanel' 필드에는 할당되지 않으므로 항상 null 기본값을 사용합니다.
Assets\Nytherion\Core\Systems\GameSceneUIRefs.cs(142,44): warning CS0649: 'GameSceneUIRefs.relicSetEffectStatusPanel' 필드에는 할당되지 않으므로 항상 null 기본값을 사용합니다.
Assets\Nytherion\Gameplay\Skills\Abilities\Blackhole\BlackholeField.cs(25,40): warning CS0649: 'BlackholeField.rangeVisual' 필드에는 할당되지 않으므로 항상 null 기본값을 사용합니다.
Assets\Nytherion\Gameplay\Combat\Weapons\Melee\FlambergeWeapon.cs(18,45): warning CS0649: 'FlambergeWeapon.slashEffectPrefab' 필드에는 할당되지 않으므로 항상 null 기본값을 사용합니다.
Assets\Nytherion\Gameplay\Combat\Weapons\Melee\Abaddon.cs(47,41): warning CS0649: 'Abaddon.rightFacingSprite' 필드에는 할당되지 않으므로 항상 null 기본값을 사용합니다.
Assets\Nytherion\UI\Relics\Board\RelicGridUI.cs(54,45): warning CS0649: 'RelicGridUI.synergyLinkGizmoPrefab' 필드에는 할당되지 않으므로 항상 null 기본값을 사용합니다.
Assets\Nytherion\Core\Systems\GameSceneLifetimeScope.cs(32,48): warning CS0649: 'GameSceneLifetimeScope.gachaUIControllerPrefab' 필드에는 할당되지 않으므로 항상 null 기본값을 사용합니다.
Assets\Nytherion\Core\Systems\GameSceneUIRefs.cs(94,37): warning CS0649: 'GameSceneUIRefs.shopCloseButton' 필드에는 할당되지 않으므로 항상 null 기본값을 사용합니다.
Assets\Nytherion\Core\Systems\GameSceneUIRefs.cs(132,37): warning CS0649: 'GameSceneUIRefs.menuControlButton' 필드에는 할당되지 않으므로 항상 null 기본값을 사용합니다.
Assets\Nytherion\Core\Systems\GameCursorController.cs(13,44): warning CS0649: 'GameCursorController.aimCursor' 필드에는 할당되지 않으므로 항상 null 기본값을 사용합니다.
Assets\Nytherion\Gameplay\Characters\Enemy\Bat_Monster\BatAerialCollisionController.cs(18,45): warning CS0649: 'BatAerialCollisionController.landingProjectilePrefab' 필드에는 할당되지 않으므로 항상 null 기본값을 사용합니다.
Assets\Nytherion\Gameplay\Combat\Behaviors\RangedAttackBehavior.cs(19,40): warning CS0649: 'RangedAttackBehavior.projectileRotationOffsetDegrees' 필드에는 할당되지 않으므로 항상 0 기본값을 사용합니다.
Assets\Nytherion\Core\Systems\GameSceneUIRefs.cs(46,41): warning CS0649: 'GameSceneUIRefs.relicResultPanel' 필드에는 할당되지 않으므로 항상 null 기본값을 사용합니다.
Assets\Nytherion\Core\Systems\VillageSceneLifetimeScope.cs(36,42): warning CS0649: 'VillageSceneLifetimeScope.inventoryUIPrefab' 필드에는 할당되지 않으므로 항상 null 기본값을 사용합니다.
Assets\Nytherion\Core\Systems\VillageSceneLifetimeScope.cs(56,46): warning CS0649: 'VillageSceneLifetimeScope.settingsManagerPrefab' 필드에는 할당되지 않으므로 항상 null 기본값을 사용합니다.
Assets\Nytherion\Gameplay\Characters\Enemy\Bat_Monster\BatAerialCollisionController.cs(15,45): warning CS0649: 'BatAerialCollisionController.attackRangePreview' 필드에는 할당되지 않으므로 항상 null 기본값을 사용합니다.
Assets\Nytherion\Core\Systems\VillageSceneLifetimeScope.cs(29,48): warning CS0649: 'VillageSceneLifetimeScope.gachaUIControllerPrefab' 필드에는 할당되지 않으므로 항상 null 기본값을 사용합니다.
Assets\Nytherion\Core\Systems\RootLifetimeScope.cs(35,43): warning CS0649: 'RootLifetimeScope.audioManagerPrefab' 필드에는 할당되지 않으므로 항상 null 기본값을 사용합니다.
Assets\Nytherion\Core\Systems\GameSceneUIRefs.cs(100,41): warning CS0649: 'GameSceneUIRefs.shopEmptyStateUI' 필드에는 할당되지 않으므로 항상 null 기본값을 사용합니다.
Assets\Nytherion\Core\Systems\GameSceneUIRefs.cs(52,37): warning CS0649: 'GameSceneUIRefs.drawOnceBtton' 필드에는 할당되지 않으므로 항상 null 기본값을 사용합니다.
Assets\Nytherion\UI\Shop\SellSlotUI.cs(20,41): warning CS0649: 'SellSlotUI.decreaseButton' 필드에는 할당되지 않으므로 항상 null 기본값을 사용합니다.
Assets\Nytherion\UI\Title\TitleMenuManager.cs(17,45): warning CS0649: 'TitleMenuManager.settingsPanel' 필드에는 할당되지 않으므로 항상 null 기본값을 사용합니다.
Assets\Nytherion\Gameplay\Combat\Weapons\Ranged\PyrofallProjectile.cs(29,40): warning CS0649: 'PyrofallProjectile.impactYOffset' 필드에는 할당되지 않으므로 항상 0 기본값을 사용합니다.
Assets\Nytherion\UI\Relics\Board\RelicTooltip.cs(24,41): warning CS0649: 'RelicTooltip.tooltipPanel' 필드에는 할당되지 않으므로 항상 null 기본값을 사용합니다.
Assets\Nytherion\UI\Settings\SettingsManager.cs(33,41): warning CS0649: 'SettingsManager.bgmUpButton' 필드에는 할당되지 않으므로 항상 null 기본값을 사용합니다.
Assets\Nytherion\Gameplay\Combat\Weapons\Melee\Sword.cs(21,46): warning CS0649: 'Sword.slashEffectObject' 필드에는 할당되지 않으므로 항상 null 기본값을 사용합니다.
Assets\Nytherion\Gameplay\Combat\Proj\Types\LightningProj.cs(23,52): warning CS0649: 'LightningProj.lightningEffectPrefab' 필드에는 할당되지 않으므로 항상 null 기본값을 사용합니다.
Assets\Nytherion\Core\Systems\GameSceneUIRefs.cs(155,51): warning CS0649: 'GameSceneUIRefs.minimapTileGenerator' 필드에는 할당되지 않으므로 항상 null 기본값을 사용합니다.
Assets\Nytherion\Core\Systems\DataLifetimeScope.cs(19,55): warning CS0649: 'DataLifetimeScope.inventoryDataManagerPrefab' 필드에는 할당되지 않으므로 항상 null 기본값을 사용합니다.
Assets\Nytherion\Gameplay\Characters\Enemy\Tree_Monster\TreeMeleeAttackEffect.cs(9,45): warning CS0649: 'TreeMeleeAttackEffect.effectObject' 필드에는 할당되지 않으므로 항상 null 기본값을 사용합니다.
Assets\Nytherion\Gameplay\Characters\NPC\ShopDealer.cs(15,33): warning CS0169: 'ShopDealer.gameSceneUIRefs' 필드가 사용되지 않았습니다.
Assets\Nytherion\Core\Systems\GameSceneUIRefs.cs(90,42): warning CS0649: 'GameSceneUIRefs.shopCanvasGroup' 필드에는 할당되지 않으므로 항상 null 기본값을 사용합니다.
Assets\Nytherion\UI\Relics\Board\RelicTooltip.cs(31,46): warning CS0649: 'RelicTooltip.descriptionText' 필드에는 할당되지 않으므로 항상 null 기본값을 사용합니다.
Assets\Nytherion\Core\Systems\GameSceneLifetimeScope.cs(46,52): warning CS0649: 'GameSceneLifetimeScope.milestoneUIControllerPrefab' 필드에는 할당되지 않으므로 항상 null 기본값을 사용합니다.
Assets\Nytherion\Gameplay\Skills\Abilities\Laser\LaserBeam.cs(11,39): warning CS0649: 'LaserBeam.animator' 필드에는 할당되지 않으므로 항상 null 기본값을 사용합니다.
Assets\Nytherion\Gameplay\Combat\Weapons\Ranged\BlazeshadeWeapon.cs(27,48): warning CS0649: 'BlazeshadeWeapon.targetAttackClip' 필드에는 할당되지 않으므로 항상 null 기본값을 사용합니다.
Assets\Nytherion\Gameplay\Skills\Abilities\PyroTank\PyroTankController.cs(20,43): warning CS0649: 'PyroTankController.jumpAnimator' 필드에는 할당되지 않으므로 항상 null 기본값을 사용합니다.
Assets\Nytherion\Core\Systems\GameSceneUIRefs.cs(153,49): warning CS0649: 'GameSceneUIRefs.worldmapController' 필드에는 할당되지 않으므로 항상 null 기본값을 사용합니다.
Assets\Nytherion\Core\Managers\GachaManager.cs(26,47): warning CS0649: 'GachaManager.weaponGachaTable' 필드에는 할당되지 않으므로 항상 null 기본값을 사용합니다.
Assets\Nytherion\Gameplay\Characters\Companions\SummonedCompanion.cs(40,45): warning CS0649: 'SummonedCompanion.projectilePrefab' 필드에는 할당되지 않으므로 항상 null 기본값을 사용합니다.
Assets\Nytherion\UI\Inventory\EquipmentSlotUI.cs(18,52): warning CS0649: 'EquipmentSlotUI.slotType' 필드에는 할당되지 않으므로 항상  기본값을 사용합니다.
Assets\Nytherion\UI\Shop\SellPopupUI.cs(16,41): warning CS0649: 'SellPopupUI.confirmButton' 필드에는 할당되지 않으므로 항상 null 기본값을 사용합니다.
Assets\Nytherion\Core\Systems\GameSceneUIRefs.cs(44,41): warning CS0649: 'GameSceneUIRefs.gachaMainPanel' 필드에는 할당되지 않으므로 항상 null 기본값을 사용합니다.
Assets\Nytherion\UI\HUD\PlayerChargeBarUI.cs(13,41): warning CS0649: 'PlayerChargeBarUI.chargeSlider' 필드에는 할당되지 않으므로 항상 null 기본값을 사용합니다.
Assets\Nytherion\Core\Systems\GameSceneUIRefs.cs(140,42): warning CS0649: 'GameSceneUIRefs.relicCanvasGroup' 필드에는 할당되지 않으므로 항상 null 기본값을 사용합니다.
Assets\Nytherion\Core\Systems\GameSceneUIRefs.cs(104,41): warning CS0649: 'GameSceneUIRefs.shopBuyPopupUI' 필드에는 할당되지 않으므로 항상 null 기본값을 사용합니다.
Assets\Nytherion\Gameplay\Skills\Abilities\PyroTank\PyroTankController.cs(19,49): warning CS0649: 'PyroTankController.jumpRenderer' 필드에는 할당되지 않으므로 항상 null 기본값을 사용합니다.
Assets\Nytherion\Core\Systems\RootLifetimeScope.cs(31,51): warning CS0649: 'RootLifetimeScope.statusEffectDatabase' 필드에는 할당되지 않으므로 항상 null 기본값을 사용합니다.
Assets\Nytherion\Core\Systems\VillageSceneLifetimeScope.cs(57,49): warning CS0649: 'VillageSceneLifetimeScope.inventoryPresenterPrefab' 필드에는 할당되지 않으므로 항상 null 기본값을 사용합니다.
Assets\Nytherion\Core\Systems\GameSceneUIRefs.cs(29,41): warning CS0649: 'GameSceneUIRefs.inventorySlotPrefab' 필드에는 할당되지 않으므로 항상 null 기본값을 사용합니다.
Assets\Nytherion\Gameplay\Items\ItemPickup.cs(19,38): warning CS0649: 'ItemPickup.goldAmount' 필드에는 할당되지 않으므로 항상 0 기본값을 사용합니다.
Assets\Nytherion\UI\Common\Components\TooltipPanel.cs(19,45): warning CS0649: 'TooltipPanel.panel' 필드에는 할당되지 않으므로 항상 null 기본값을 사용합니다.
Assets\Nytherion\UI\Shop\BuyPopupUI.cs(12,50): warning CS0649: 'BuyPopupUI.nameText' 필드에는 할당되지 않으므로 항상 null 기본값을 사용합니다.
Assets\Nytherion\Gameplay\Skills\Abilities\PyroTank\PyroTankController.cs(14,49): warning CS0649: 'PyroTankController.tankRenderer' 필드에는 할당되지 않으므로 항상 null 기본값을 사용합니다.
Assets\Nytherion\UI\Debug\DebugPanelUI.cs(35,43): warning CS0649: 'DebugPanelUI.testWeapon' 필드에는 할당되지 않으므로 항상 null 기본값을 사용합니다.
Assets\Nytherion\Gameplay\Characters\Enemy\Bat_Monster\BatAerialCollisionController.cs(12,45): warning CS0649: 'BatAerialCollisionController.landingBodyCollider' 필드에는 할당되지 않으므로 항상 null 기본값을 사용합니다.
Assets\Nytherion\Core\Systems\GameSceneUIRefs.cs(68,40): warning CS0649: 'GameSceneUIRefs.relicResultSlotParent' 필드에는 할당되지 않으므로 항상 null 기본값을 사용합니다.
Assets\Nytherion\Core\Systems\GameSceneUIRefs.cs(126,37): warning CS0649: 'GameSceneUIRefs.menuResumeButton' 필드에는 할당되지 않으므로 항상 null 기본값을 사용합니다.
Assets\Nytherion\Core\Systems\VillageSceneLifetimeScope.cs(55,43): warning CS0649: 'VillageSceneLifetimeScope.followCameraPrefab' 필드에는 할당되지 않으므로 항상 null 기본값을 사용합니다.
Assets\Nytherion\Core\Managers\ProgressionManager.cs(48,54): warning CS0649: 'ProgressionManager.milestoneDatabase' 필드에는 할당되지 않으므로 항상 null 기본값을 사용합니다.
Assets\Nytherion\Gameplay\Characters\Companions\ExplosiveRobot.cs(24,45): warning CS0649: 'ExplosiveRobot.explosionVfxPrefab' 필드에는 할당되지 않으므로 항상 null 기본값을 사용합니다.
Assets\Nytherion\Core\Systems\GameSceneUIRefs.cs(55,37): warning CS0649: 'GameSceneUIRefs.drawTenBtton' 필드에는 할당되지 않으므로 항상 null 기본값을 사용합니다.
Assets\Nytherion\UI\Relics\Board\RelicTooltip.cs(25,46): warning CS0649: 'RelicTooltip.nameText' 필드에는 할당되지 않으므로 항상 null 기본값을 사용합니다.
Assets\Nytherion\Gameplay\Combat\Weapons\Melee\Spear.cs(41,43): warning CS0649: 'Spear.chargingMaterial' 필드에는 할당되지 않으므로 항상 null 기본값을 사용합니다.
Assets\Nytherion\Core\Systems\GameSceneLifetimeScope.cs(33,49): warning CS0649: 'GameSceneLifetimeScope.interactionManagerPrefab' 필드에는 할당되지 않으므로 항상 null 기본값을 사용합니다.
Assets\Nytherion\Core\Systems\GameSceneUIRefs.cs(25,40): warning CS0649: 'GameSceneUIRefs.inventorySlotParent' 필드에는 할당되지 않으므로 항상 null 기본값을 사용합니다.
Assets\Nytherion\Gameplay\Skills\Abilities\Laser\LaserBeam.cs(12,44): warning CS0649: 'LaserBeam.hitBox' 필드에는 할당되지 않으므로 항상 null 기본값을 사용합니다.
Assets\Nytherion\Gameplay\Characters\Enemy\Frog_Monster\FrogJumpMovement.cs(50,45): warning CS0649: 'FrogJumpMovement.landingEffect' 필드에는 할당되지 않으므로 항상 null 기본값을 사용합니다.
Assets\Nytherion\UI\Progression\MilestoneSlotUI.cs(20,41): warning CS0649: 'MilestoneSlotUI.progressSlider' 필드에는 할당되지 않으므로 항상 null 기본값을 사용합니다.
Assets\Nytherion\Gameplay\Characters\Enemy\BagEnemyProjectile.cs(16,44): warning CS0649: 'BagEnemyProjectile.visual' 필드에는 할당되지 않으므로 항상 null 기본값을 사용합니다.
Assets\Nytherion\Gameplay\Combat\Weapons\Melee\Abaddon.cs(49,41): warning CS0649: 'Abaddon.leftFacingSprite' 필드에는 할당되지 않으므로 항상 null 기본값을 사용합니다.
Assets\Nytherion\UI\Debug\DebugPanelUI.cs(42,44): warning CS0649: 'DebugPanelUI.hybridEnemyData' 필드에는 할당되지 않으므로 항상 null 기본값을 사용합니다.
Assets\Nytherion\Gameplay\Combat\Weapons\Ranged\GuardianStaffWeapon.cs(15,44): warning CS0649: 'GuardianStaffWeapon.enemyLayers' 필드에는 할당되지 않으므로 항상  기본값을 사용합니다.
Assets\Nytherion\UI\Shop\ShopSlotUI.cs(26,41): warning CS0649: 'ShopSlotUI.defaultSlotSprite' 필드에는 할당되지 않으므로 항상 null 기본값을 사용합니다.
Assets\Nytherion\UI\Shop\ShopSlotUI.cs(28,41): warning CS0649: 'ShopSlotUI.uncommonSlotSprite' 필드에는 할당되지 않으므로 항상 null 기본값을 사용합니다.
Assets\Nytherion\Core\Systems\GameSceneLifetimeScope.cs(36,48): warning CS0649: 'GameSceneLifetimeScope.objectPoolManagerPrefab' 필드에는 할당되지 않으므로 항상 null 기본값을 사용합니다.
Assets\Nytherion\Core\Systems\GameSceneUIRefs.cs(33,41): warning CS0649: 'GameSceneUIRefs.statsPanel' 필드에는 할당되지 않으므로 항상 null 기본값을 사용합니다.
Assets\Nytherion\UI\Relics\Board\RelicTooltip.cs(26,46): warning CS0649: 'RelicTooltip.levelText' 필드에는 할당되지 않으므로 항상 null 기본값을 사용합니다.
Assets\Nytherion\Core\Systems\GameSceneLifetimeScope.cs(54,50): warning CS0649: 'GameSceneLifetimeScope.currencyManagerPrefab' 필드에는 할당되지 않으므로 항상 null 기본값을 사용합니다.
Assets\Nytherion\Gameplay\Characters\Enemy\Goblin\GoblinChargeCombatBehavior.cs(33,45): warning CS0649: 'GoblinChargeCombatBehavior.chargeRangePreview' 필드에는 할당되지 않으므로 항상 null 기본값을 사용합니다.
Assets\Nytherion\Gameplay\Combat\Weapons\Melee\ShortDagger.cs(44,43): warning CS0649: 'ShortDagger.swingArcMaterial' 필드에는 할당되지 않으므로 항상 null 기본값을 사용합니다.
Assets\Nytherion\Gameplay\Characters\NPC\GachaChest.cs(18,45): warning CS0649: 'GachaChest.worldPromptUI' 필드에는 할당되지 않으므로 항상 null 기본값을 사용합니다.
Assets\Animations\Monster\Tree_Ranged\TreeRandomRangedBehavior.cs(31,45): warning CS0649: 'TreeRandomRangedBehavior.fireEffect' 필드에는 할당되지 않으므로 항상 null 기본값을 사용합니다.
Assets\Nytherion\Core\Systems\GameSceneUIRefs.cs(108,42): warning CS0649: 'GameSceneUIRefs.shopSellPopupUI' 필드에는 할당되지 않으므로 항상 null 기본값을 사용합니다.
Assets\Nytherion\UI\Relics\Board\RelicGridUI.cs(29,45): warning CS0649: 'RelicGridUI.slotCellPrefab' 필드에는 할당되지 않으므로 항상 null 기본값을 사용합니다.
Assets\Nytherion\Core\Systems\GameSceneLifetimeScope.cs(31,43): warning CS0649: 'GameSceneLifetimeScope.gachaManagerPrefab' 필드에는 할당되지 않으므로 항상 null 기본값을 사용합니다.
Assets\Nytherion\Gameplay\Combat\Weapons\Ranged\PyrofallWeapon.cs(27,43): warning CS0649: 'PyrofallWeapon.castFlashFrames' 필드에는 할당되지 않으므로 항상 null 기본값을 사용합니다.
Assets\Nytherion\Gameplay\Dungeon\Generation\TilemapVisualizer.cs(33,43): warning CS0649: 'TilemapVisualizer.startRoomTile' 필드에는 할당되지 않으므로 항상 null 기본값을 사용합니다.
Assets\Nytherion\UI\Skills\SkillTooltip.cs(17,50): warning CS0649: 'SkillTooltip.progressText' 필드에는 할당되지 않으므로 항상 null 기본값을 사용합니다.
Assets\Nytherion\Core\Systems\RootLifetimeScope.cs(36,53): warning CS0649: 'RootLifetimeScope.sceneTransitionManagerPrefab' 필드에는 할당되지 않으므로 항상 null 기본값을 사용합니다.
Assets\Nytherion\UI\Skills\SkillTooltip.cs(16,40): warning CS0649: 'SkillTooltip.skillIcon' 필드에는 할당되지 않으므로 항상 null 기본값을 사용합니다.
Assets\Nytherion\Gameplay\Characters\Enemy\Bat_Monster\BatFlyingMovement.cs(24,51): warning CS0649: 'BatFlyingMovement.attackRangeCollider' 필드에는 할당되지 않으므로 항상 null 기본값을 사용합니다.
Assets\Nytherion\Gameplay\Skills\Abilities\PyroTank\PyroTankController.cs(17,43): warning CS0649: 'PyroTankController.explosionAnimator' 필드에는 할당되지 않으므로 항상 null 기본값을 사용합니다.
Assets\Nytherion\Core\Systems\GameSceneUIRefs.cs(149,41): warning CS0649: 'GameSceneUIRefs.relicTranscendenceEffectStatusEntryPrefab' 필드에는 할당되지 않으므로 항상 null 기본값을 사용합니다.
Assets\Nytherion\Gameplay\Characters\Companions\SummonedCompanion.cs(55,39): warning CS0649: 'SummonedCompanion.moveOnlyDuringJumpAnimation' 필드에는 할당되지 않으므로 항상 false 기본값을 사용합니다.
Assets\Nytherion\Core\Systems\DataLifetimeScope.cs(25,53): warning CS0649: 'DataLifetimeScope.progressionManagerPrefab' 필드에는 할당되지 않으므로 항상 null 기본값을 사용합니다.
Assets\Nytherion\Gameplay\Relics\Runtime\DroppedRelic.cs(37,28): warning CS0649: 'DroppedRelic.dropRelicEffectPrefab' 필드에는 할당되지 않으므로 항상 null 기본값을 사용합니다.
Assets\Nytherion\UI\Relics\Board\RelicGridUI.cs(35,45): warning CS0649: 'RelicGridUI.draggableBlockPrefab' 필드에는 할당되지 않으므로 항상 null 기본값을 사용합니다.
Assets\Nytherion\Gameplay\Combat\Behaviors\EnemyAnimationEventRelay.cs(10,42): warning CS0649: 'EnemyAnimationEventRelay.rangedAttackBehavior' 필드에는 할당되지 않으므로 항상 null 기본값을 사용합니다.
Assets\Nytherion\Core\Systems\GameSceneLifetimeScope.cs(51,42): warning CS0649: 'GameSceneLifetimeScope.menuManagerPrefab' 필드에는 할당되지 않으므로 항상 null 기본값을 사용합니다.
Assets\Nytherion\Core\Systems\RootLifetimeScope.cs(32,48): warning CS0649: 'RootLifetimeScope.dataLifetimeScopePrefab' 필드에는 할당되지 않으므로 항상 null 기본값을 사용합니다.
Assets\Nytherion\Gameplay\Characters\Enemy\BagBarrageCombatBehavior.cs(33,45): warning CS0649: 'BagBarrageCombatBehavior.firingEffectPrefab' 필드에는 할당되지 않으므로 항상 null 기본값을 사용합니다.
Assets\Nytherion\Core\Systems\GameSceneLifetimeScope.cs(68,61): warning CS0649: 'GameSceneLifetimeScope.debugPanelUI' 필드에는 할당되지 않으므로 항상 null 기본값을 사용합니다.
Assets\Nytherion\Gameplay\Characters\NPC\GachaChest.cs(19,45): warning CS0649: 'GachaChest.droppedRelicPrefab' 필드에는 할당되지 않으므로 항상 null 기본값을 사용합니다.
Assets\Nytherion\UI\Relics\Board\RelicTooltip.cs(30,44): warning CS0649: 'RelicTooltip.setBadgeContainer' 필드에는 할당되지 않으므로 항상 null 기본값을 사용합니다.
Assets\Nytherion\Gameplay\Characters\Enemy\MushroomEnemyProjectile.cs(12,44): warning CS0649: 'MushroomEnemyProjectile.explosionPoint' 필드에는 할당되지 않으므로 항상 null 기본값을 사용합니다.
Assets\Nytherion\Core\Systems\GameSceneUIRefs.cs(128,37): warning CS0649: 'GameSceneUIRefs.menuSettingsButton' 필드에는 할당되지 않으므로 항상 null 기본값을 사용합니다.
Assets\Nytherion\UI\Map\WorldmapController.cs(23,48): warning CS0649: 'WorldmapController.mapContent' 필드에는 할당되지 않으므로 항상 null 기본값을 사용합니다.
Assets\Nytherion\UI\Debug\DebugPanelUI.cs(36,43): warning CS0649: 'DebugPanelUI.testPotion' 필드에는 할당되지 않으므로 항상 null 기본값을 사용합니다.
Assets\Nytherion\UI\Shop\BuyPopupUI.cs(13,50): warning CS0649: 'BuyPopupUI.priceText' 필드에는 할당되지 않으므로 항상 null 기본값을 사용합니다.
Assets\Nytherion\UI\Shop\SellPopupUI.cs(15,41): warning CS0649: 'SellPopupUI.amountSlider' 필드에는 할당되지 않으므로 항상 null 기본값을 사용합니다.
Assets\Nytherion\Core\Systems\GameSceneUIRefs.cs(13,42): warning CS0649: 'GameSceneUIRefs.relicGridUI' 필드에는 할당되지 않으므로 항상 null 기본값을 사용합니다.
Assets\Nytherion\Core\Managers\PlayerManager.cs(36,45): warning CS0649: 'PlayerManager.basePlayerData' 필드에는 할당되지 않으므로 항상 null 기본값을 사용합니다.
Assets\Nytherion\UI\Settings\SettingsManager.cs(36,41): warning CS0649: 'SettingsManager.sfxDownButton' 필드에는 할당되지 않으므로 항상 null 기본값을 사용합니다.
Assets\Nytherion\Gameplay\Skills\Abilities\Turret\RootiTurretController.cs(18,45): warning CS0649: 'RootiTurretController.visual' 필드에는 할당되지 않으므로 항상 null 기본값을 사용합니다.
Assets\Nytherion\UI\Debug\ProgressionDebugUI.cs(18,41): warning CS0649: 'ProgressionDebugUI.addProgressButton' 필드에는 할당되지 않으므로 항상 null 기본값을 사용합니다.
Assets\Nytherion\Gameplay\Combat\Behaviors\EnemyAnimationEventRelay.cs(12,55): warning CS0649: 'EnemyAnimationEventRelay.bagBarrageCombatBehavior' 필드에는 할당되지 않으므로 항상 null 기본값을 사용합니다.
Assets\Nytherion\Core\Systems\VillageSceneLifetimeScope.cs(30,49): warning CS0649: 'VillageSceneLifetimeScope.interactionManagerPrefab' 필드에는 할당되지 않으므로 항상 null 기본값을 사용합니다.
Assets\Nytherion\Gameplay\Combat\Weapons\Melee\Abaddon.cs(28,45): warning CS0649: 'Abaddon.leftEffectObject' 필드에는 할당되지 않으므로 항상 null 기본값을 사용합니다.
Assets\Nytherion\Core\Systems\GameCursorController.cs(14,44): warning CS0649: 'GameCursorController.uiCursor' 필드에는 할당되지 않으므로 항상 null 기본값을 사용합니다.
Assets\Animations\Monster\Tree_Ranged\TreeRandomRangedBehavior.cs(20,45): warning CS0649: 'TreeRandomRangedBehavior.projectilePrefab' 필드에는 할당되지 않으므로 항상 null 기본값을 사용합니다.
Assets\Nytherion\UI\Shop\SellPopupUI.cs(11,40): warning CS0649: 'SellPopupUI.iconImage' 필드에는 할당되지 않으므로 항상 null 기본값을 사용합니다.
Assets\Nytherion\Core\Managers\ShopManager.cs(19,49): warning CS0649: 'ShopManager.allShopDataAssets' 필드에는 할당되지 않으므로 항상 null 기본값을 사용합니다.
Assets\Nytherion\Core\Systems\VillageSceneLifetimeScope.cs(32,47): warning CS0649: 'VillageSceneLifetimeScope.quickSlotManagerPrefab' 필드에는 할당되지 않으므로 항상 null 기본값을 사용합니다.
Assets\Nytherion\Gameplay\Dungeon\Generation\TilemapVisualizer.cs(34,43): warning CS0649: 'TilemapVisualizer.shopRoomTile' 필드에는 할당되지 않으므로 항상 null 기본값을 사용합니다.
Assets\Nytherion\UI\Inventory\InventoryUI.cs(21,55): warning CS0649: 'InventoryUI.toggleInventoryAction' 필드에는 할당되지 않으므로 항상 null 기본값을 사용합니다.
Assets\Nytherion\Core\Systems\GameSceneUIRefs.cs(112,37): warning CS0649: 'GameSceneUIRefs.shopRerollButton' 필드에는 할당되지 않으므로 항상 null 기본값을 사용합니다.
Assets\Nytherion\Core\Systems\GameSceneUIRefs.cs(74,37): warning CS0649: 'GameSceneUIRefs.masterSlider' 필드에는 할당되지 않으므로 항상 null 기본값을 사용합니다.
Assets\Nytherion\Core\Systems\GameSceneUIRefs.cs(144,44): warning CS0649: 'GameSceneUIRefs.relicTranscendenceEffectStatusPanel' 필드에는 할당되지 않으므로 항상 null 기본값을 사용합니다.
Assets\Nytherion\Gameplay\Combat\Behaviors\EnemyAnimationEventRelay.cs(9,41): warning CS0649: 'EnemyAnimationEventRelay.meleeAttackBehavior' 필드에는 할당되지 않으므로 항상 null 기본값을 사용합니다.
Assets\Nytherion\UI\Skills\SkillTooltip.cs(18,50): warning CS0649: 'SkillTooltip.statsText' 필드에는 할당되지 않으므로 항상 null 기본값을 사용합니다.
Assets\Nytherion\UI\Inventory\CharacterStatsUI.cs(20,45): warning CS0649: 'CharacterStatsUI.statCellPrefab' 필드에는 할당되지 않으므로 항상 null 기본값을 사용합니다.
Assets\Nytherion\Core\Systems\GameSceneUIRefs.cs(124,41): warning CS0649: 'GameSceneUIRefs.menuMainPanel' 필드에는 할당되지 않으므로 항상 null 기본값을 사용합니다.
Assets\Nytherion\Core\Managers\AudioManager.cs(13,44): warning CS0649: 'AudioManager.titleBGM' 필드에는 할당되지 않으므로 항상 null 기본값을 사용합니다.
Assets\Nytherion\UI\Shop\SellSlotUI.cs(19,41): warning CS0649: 'SellSlotUI.increaseButton' 필드에는 할당되지 않으므로 항상 null 기본값을 사용합니다.
Assets\Nytherion\Core\Managers\AudioManager.cs(14,44): warning CS0649: 'AudioManager.stageBGM' 필드에는 할당되지 않으므로 항상 null 기본값을 사용합니다.
Assets\Nytherion\Core\Systems\GameSceneUIRefs.cs(21,44): warning CS0649: 'GameSceneUIRefs.quickSlots' 필드에는 할당되지 않으므로 항상 null 기본값을 사용합니다.
Assets\Nytherion\Gameplay\Characters\Companions\SummonedCompanion.cs(23,39): warning CS0649: 'SummonedCompanion.invertFacing' 필드에는 할당되지 않으므로 항상 false 기본값을 사용합니다.
Assets\Nytherion\Core\Systems\GameSceneLifetimeScope.cs(60,43): warning CS0649: 'GameSceneLifetimeScope.followCameraPrefab' 필드에는 할당되지 않으므로 항상 null 기본값을 사용합니다.
Assets\Nytherion\UI\Shop\ShopSlotUI.cs(27,41): warning CS0649: 'ShopSlotUI.commonSlotSprite' 필드에는 할당되지 않으므로 항상 null 기본값을 사용합니다.
Assets\Nytherion\UI\Settings\SettingsManager.cs(34,41): warning CS0649: 'SettingsManager.bgmDownButton' 필드에는 할당되지 않으므로 항상 null 기본값을 사용합니다.
Assets\Nytherion\UI\Skills\SkillUIController.cs(43,47): warning CS0649: 'SkillUIController.skillTooltipPrefab' 필드에는 할당되지 않으므로 항상 null 기본값을 사용합니다.
Assets\Nytherion\Core\Systems\GameSceneLifetimeScope.cs(35,47): warning CS0649: 'GameSceneLifetimeScope.quickSlotManagerPrefab' 필드에는 할당되지 않으므로 항상 null 기본값을 사용합니다.
Assets\Nytherion\UI\Shop\BuyPopupUI.cs(14,50): warning CS0649: 'BuyPopupUI.amountText' 필드에는 할당되지 않으므로 항상 null 기본값을 사용합니다.
Assets\Nytherion\UI\Progression\MilestoneSlotUI.cs(19,50): warning CS0649: 'MilestoneSlotUI.titleText' 필드에는 할당되지 않으므로 항상 null 기본값을 사용합니다.
Assets\Nytherion\Core\Systems\GameSceneLifetimeScope.cs(44,52): warning CS0649: 'GameSceneLifetimeScope.inventoryUIControllerPrefab' 필드에는 할당되지 않으므로 항상 null 기본값을 사용합니다.
Assets\Nytherion\Core\Systems\GameSceneUIRefs.cs(146,41): warning CS0649: 'GameSceneUIRefs.relicEffectStatusEntryPrefab' 필드에는 할당되지 않으므로 항상 null 기본값을 사용합니다.
Assets\Nytherion\Core\Systems\GameSceneUIRefs.cs(116,37): warning CS0649: 'GameSceneUIRefs.shopAdvancedRerollButton' 필드에는 할당되지 않으므로 항상 null 기본값을 사용합니다.
Assets\Nytherion\Core\Systems\VillageSceneLifetimeScope.cs(47,47): warning CS0649: 'VillageSceneLifetimeScope.itemUsageManagerPrefab' 필드에는 할당되지 않으므로 항상 null 기본값을 사용합니다.
Assets\Nytherion\Gameplay\Combat\Behaviors\MeleeAttackBehavior.cs(17,54): warning CS0649: 'MeleeAttackBehavior.meleeAttackCollider' 필드에는 할당되지 않으므로 항상 null 기본값을 사용합니다.
Assets\Nytherion\Gameplay\Characters\Player\Core\PlayerCombat.cs(13,44): warning CS0649: 'PlayerCombat.meleeWeaponPoint' 필드에는 할당되지 않으므로 항상 null 기본값을 사용합니다.
Assets\Nytherion\Core\Managers\GachaManager.cs(29,47): warning CS0649: 'GachaManager.relicGachaTable' 필드에는 할당되지 않으므로 항상 null 기본값을 사용합니다.
Assets\Nytherion\UI\Map\WorldmapController.cs(26,40): warning CS0649: 'WorldmapController.linePrefab' 필드에는 할당되지 않으므로 항상 null 기본값을 사용합니다.
Assets\Nytherion\UI\Debug\DebugPanelUI.cs(41,44): warning CS0649: 'DebugPanelUI.rangedEnemyData' 필드에는 할당되지 않으므로 항상 null 기본값을 사용합니다.
Assets\Nytherion\Gameplay\Characters\Companions\FrogCompanion.cs(15,45): warning CS0649: 'FrogCompanion.attackEffectPrefab' 필드에는 할당되지 않으므로 항상 null 기본값을 사용합니다.
Assets\Nytherion\Core\Systems\RootLifetimeScope.cs(29,43): warning CS0649: 'RootLifetimeScope.eventManagerPrefab' 필드에는 할당되지 않으므로 항상 null 기본값을 사용합니다.
Assets\Nytherion\Core\Systems\GameSceneUIRefs.cs(60,37): warning CS0649: 'GameSceneUIRefs.relicResultCloseButton' 필드에는 할당되지 않으므로 항상 null 기본값을 사용합니다.
Assets\Nytherion\Core\Systems\GameSceneLifetimeScope.cs(45,51): warning CS0649: 'GameSceneLifetimeScope.currencyUIControllerPrefab' 필드에는 할당되지 않으므로 항상 null 기본값을 사용합니다.
Assets\Nytherion\UI\Shop\SellPopupUI.cs(12,50): warning CS0649: 'SellPopupUI.nameText' 필드에는 할당되지 않으므로 항상 null 기본값을 사용합니다.
Assets\Nytherion\Core\Systems\DataLifetimeScope.cs(20,47): warning CS0649: 'DataLifetimeScope.relicManagerPrefab' 필드에는 할당되지 않으므로 항상 null 기본값을 사용합니다.
Assets\Nytherion\Gameplay\Combat\Weapons\Melee\Spear.cs(169,60): warning CS0649: 'Spear.shortThrustEffectController' 필드에는 할당되지 않으므로 항상 null 기본값을 사용합니다.
Assets\Nytherion\UI\Shop\ShopSlotUI.cs(29,41): warning CS0649: 'ShopSlotUI.rareSlotSprite' 필드에는 할당되지 않으므로 항상 null 기본값을 사용합니다.
Assets\Nytherion\UI\Relics\Board\RelicGridUI.cs(48,45): warning CS0649: 'RelicGridUI.levelUpGizmoPrefab' 필드에는 할당되지 않으므로 항상 null 기본값을 사용합니다.
Assets\Nytherion\Gameplay\Characters\Enemy\BagEnemyProjectile.cs(15,44): warning CS0649: 'BagEnemyProjectile.explosionPoint' 필드에는 할당되지 않으므로 항상 null 기본값을 사용합니다.
Assets\Nytherion\Gameplay\Skills\Abilities\PyroTank\PyroTankController.cs(15,43): warning CS0649: 'PyroTankController.tankAnimator' 필드에는 할당되지 않으므로 항상 null 기본값을 사용합니다.
Assets\Nytherion\Core\Systems\GameSceneUIRefs.cs(40,42): warning CS0649: 'GameSceneUIRefs.gachaCanvasGroup' 필드에는 할당되지 않으므로 항상 null 기본값을 사용합니다.
Assets\Nytherion\Core\Systems\VillageSceneLifetimeScope.cs(41,52): warning CS0649: 'VillageSceneLifetimeScope.inventoryUIControllerPrefab' 필드에는 할당되지 않으므로 항상 null 기본값을 사용합니다.
Assets\Nytherion\Core\Systems\GameSceneUIRefs.cs(35,37): warning CS0649: 'GameSceneUIRefs.inventoryCloseButton' 필드에는 할당되지 않으므로 항상 null 기본값을 사용합니다.
Assets\Nytherion\Gameplay\Characters\Enemy\EnemyDeathDissolve.cs(37,40): warning CS0169: 'EnemyDeathDissolve.fragmentRenderer' 필드가 사용되지 않았습니다.
Assets\Nytherion\Gameplay\Characters\Enemy\Frog_Monster\FrogJumpMovement.cs(51,43): warning CS0649: 'FrogJumpMovement.landingEffectAnimator' 필드에는 할당되지 않으므로 항상 null 기본값을 사용합니다.
Assets\Nytherion\UI\Shop\ShopSlotUI.cs(20,45): warning CS0649: 'ShopSlotUI.pricePanel' 필드에는 할당되지 않으므로 항상 null 기본값을 사용합니다.
Assets\Nytherion\Gameplay\Skills\Abilities\PyroTank\PyroTankController.cs(16,45): warning CS0649: 'PyroTankController.explosionVisual' 필드에는 할당되지 않으므로 항상 null 기본값을 사용합니다.
Assets\Nytherion\Gameplay\Relics\Runtime\DroppedRelic.cs(29,24): warning CS0649: 'DroppedRelic.meteorHeadSprite' 필드에는 할당되지 않으므로 항상 null 기본값을 사용합니다.
Assets\Nytherion\Gameplay\Combat\Weapons\Melee\FlambergeWeapon.cs(28,43): warning CS0649: 'FlambergeWeapon.localEffectAnimator' 필드에는 할당되지 않으므로 항상 null 기본값을 사용합니다.
Assets\Nytherion\Gameplay\Combat\Weapons\Ranged\LayLaserBeam.cs(13,49): warning CS0649: 'LayLaserBeam.startEffectRenderer' 필드에는 할당되지 않으므로 항상 null 기본값을 사용합니다.
Assets\Nytherion\UI\Relics\Board\RelicSlotCell.cs(11,40): warning CS0649: 'RelicSlotCell.relicIcon' 필드에는 할당되지 않으므로 항상 null 기본값을 사용합니다.
Assets\Nytherion\UI\Progression\MilestoneUIController.cs(21,50): warning CS0649: 'MilestoneUIController.milestonesToDisplay' 필드에는 할당되지 않으므로 항상 null 기본값을 사용합니다.
Assets\Nytherion\UI\Settings\SettingsManager.cs(35,41): warning CS0649: 'SettingsManager.sfxUpButton' 필드에는 할당되지 않으므로 항상 null 기본값을 사용합니다.
Assets\Nytherion\UI\Shop\SellSlotUI.cs(16,40): warning CS0649: 'SellSlotUI.itemIcon' 필드에는 할당되지 않으므로 항상 null 기본값을 사용합니다.
Assets\Nytherion\Gameplay\Combat\Weapons\Ranged\ShamanStaff.cs(18,45): warning CS0649: 'ShamanStaff.abyssalFlamePrefab' 필드에는 할당되지 않으므로 항상 null 기본값을 사용합니다.
Assets\Nytherion\Gameplay\Combat\Weapons\Ranged\BlazeshadeWeapon.cs(26,48): warning CS0649: 'BlazeshadeWeapon.summonClip' 필드에는 할당되지 않으므로 항상 null 기본값을 사용합니다.
Assets\Nytherion\UI\Settings\SettingsManager.cs(32,41): warning CS0649: 'SettingsManager.masterDownButton' 필드에는 할당되지 않으므로 항상 null 기본값을 사용합니다.
Assets\Nytherion\Core\Systems\DataLifetimeScope.cs(22,46): warning CS0649: 'DataLifetimeScope.shopManagerPrefab' 필드에는 할당되지 않으므로 항상 null 기본값을 사용합니다.
Assets\Nytherion\Gameplay\Combat\Weapons\Ranged\WeaponLaserBeam.cs(20,49): warning CS0649: 'WeaponLaserBeam.startEffectRenderer' 필드에는 할당되지 않으므로 항상 null 기본값을 사용합니다.
Assets\Nytherion\UI\Shop\SellSlotUI.cs(17,49): warning CS0649: 'SellSlotUI.amountInput' 필드에는 할당되지 않으므로 항상 null 기본값을 사용합니다.
Assets\Nytherion\UI\HUD\HPBarUI.cs(12,50): warning CS0649: 'HPBarUI.hpText' 필드에는 할당되지 않으므로 항상 null 기본값을 사용합니다.
Assets\Nytherion\Gameplay\Characters\Enemy\MushroomEnemyProjectile.cs(13,44): warning CS0649: 'MushroomEnemyProjectile.visual' 필드에는 할당되지 않으므로 항상 null 기본값을 사용합니다.
Assets\Nytherion\Gameplay\Characters\Player\Core\PlayerCombat.cs(12,44): warning CS0649: 'PlayerCombat.weaponPoint' 필드에는 할당되지 않으므로 항상 null 기본값을 사용합니다.
Assets\Nytherion\Gameplay\Combat\Weapons\Melee\Sword.cs(20,44): warning CS0649: 'Sword.slashEffectAnimator' 필드에는 할당되지 않으므로 항상 null 기본값을 사용합니다.
Assets\Nytherion\Gameplay\Combat\Weapons\Ranged\LayLaserBeam.cs(12,49): warning CS0649: 'LayLaserBeam.beamRenderer' 필드에는 할당되지 않으므로 항상 null 기본값을 사용합니다.
Assets\Nytherion\Gameplay\Characters\Companions\SummonedCompanion.cs(53,41): warning CS0649: 'SummonedCompanion.jumpTriggerParam' 필드에는 할당되지 않으므로 항상 null 기본값을 사용합니다.
Assets\Nytherion\Core\Systems\GameSceneUIRefs.cs(92,43): warning CS0649: 'GameSceneUIRefs.shopSlots' 필드에는 할당되지 않으므로 항상 null 기본값을 사용합니다.
Assets\Resources\Sprites\Monster\Knight\KnightMovementAfterimageVFX.cs(11,43): warning CS0649: 'KnightMovementAfterimageVFX.afterimageMaterial' 필드에는 할당되지 않으므로 항상 null 기본값을 사용합니다.
Assets\Nytherion\Core\Systems\VillageSceneLifetimeScope.cs(28,43): warning CS0649: 'VillageSceneLifetimeScope.gachaManagerPrefab' 필드에는 할당되지 않으므로 항상 null 기본값을 사용합니다.
Assets\Nytherion\Gameplay\Dungeon\Generation\TilemapVisualizer.cs(29,43): warning CS0649: 'TilemapVisualizer.portalTile' 필드에는 할당되지 않으므로 항상 null 기본값을 사용합니다.
Assets\Nytherion\UI\Relics\Board\RelicBlockDraggable.cs(21,40): warning CS0649: 'RelicBlockDraggable.iconImage' 필드에는 할당되지 않으므로 항상 null 기본값을 사용합니다.
Assets\Nytherion\Core\Systems\GameSceneUIRefs.cs(70,41): warning CS0649: 'GameSceneUIRefs.resultSlotPrefab' 필드에는 할당되지 않으므로 항상 null 기본값을 사용합니다.
Assets\Nytherion\UI\Skills\SkillSlotUI.cs(21,40): warning CS0649: 'SkillSlotUI.skillIcon' 필드에는 할당되지 않으므로 항상 null 기본값을 사용합니다.
Assets\Nytherion\Gameplay\Combat\Proj\Types\LightningProj.cs(26,45): warning CS0649: 'LightningProj.sparkEffectPrefab' 필드에는 할당되지 않으므로 항상 null 기본값을 사용합니다.
Assets\Nytherion\Gameplay\Combat\Weapons\Ranged\PyrofallWeapon.cs(18,49): warning CS0649: 'PyrofallWeapon.cameraTopPadding' 필드에는 할당되지 않으므로 항상 0 기본값을 사용합니다.
Assets\Nytherion\Core\Systems\GameSceneLifetimeScope.cs(52,47): warning CS0649: 'GameSceneLifetimeScope.itemUsageManagerPrefab' 필드에는 할당되지 않으므로 항상 null 기본값을 사용합니다.
Assets\Nytherion\Gameplay\Dungeon\Generation\TilemapVisualizer.cs(35,43): warning CS0649: 'TilemapVisualizer.itemRoomTile' 필드에는 할당되지 않으므로 항상 null 기본값을 사용합니다.
Assets\Nytherion\Core\Systems\GameSceneLifetimeScope.cs(62,49): warning CS0649: 'GameSceneLifetimeScope.inventoryPresenterPrefab' 필드에는 할당되지 않으므로 항상 null 기본값을 사용합니다.
Assets\Nytherion\Core\Systems\GameSceneLifetimeScope.cs(34,45): warning CS0649: 'GameSceneLifetimeScope.dungeonManagerPrefab' 필드에는 할당되지 않으므로 항상 null 기본값을 사용합니다.
Assets\Nytherion\Gameplay\Characters\Companions\ExplosiveRobot.cs(20,39): warning CS0649: 'ExplosiveRobot.invertFacing' 필드에는 할당되지 않으므로 항상 false 기본값을 사용합니다.
Assets\Nytherion\Gameplay\Combat\Weapons\Ranged\BlazeshadeWeapon.cs(24,45): warning CS0649: 'BlazeshadeWeapon.summonVisualPrefab' 필드에는 할당되지 않으므로 항상 null 기본값을 사용합니다.
Assets\Nytherion\Gameplay\Combat\Weapons\Ranged\PyrofallProjectile.cs(32,44): warning CS0649: 'PyrofallProjectile.enemyLayers' 필드에는 할당되지 않으므로 항상  기본값을 사용합니다.
Assets\Nytherion\UI\Shop\SellSlotUI.cs(22,43): warning CS0649: 'SellSlotUI.priceText' 필드에는 할당되지 않으므로 항상 null 기본값을 사용합니다.
Assets\Nytherion\Core\Systems\VillageSceneLifetimeScope.cs(58,49): warning CS0649: 'VillageSceneLifetimeScope.gameSceneUIManager' 필드에는 할당되지 않으므로 항상 null 기본값을 사용합니다.
Assets\Nytherion\Gameplay\Combat\Weapons\Ranged\BlazeshadeWeapon.cs(19,45): warning CS0649: 'BlazeshadeWeapon.auraVisualPrefab' 필드에는 할당되지 않으므로 항상 null 기본값을 사용합니다.
Assets\Nytherion\Core\Systems\GameSceneUIRefs.cs(122,42): warning CS0649: 'GameSceneUIRefs.menuCanvasGroup' 필드에는 할당되지 않으므로 항상 null 기본값을 사용합니다.
Assets\Nytherion\Gameplay\Combat\Weapons\Ranged\BlazeshadeWeapon.cs(20,44): warning CS0649: 'BlazeshadeWeapon.enemyLayers' 필드에는 할당되지 않으므로 항상  기본값을 사용합니다.
Assets\Nytherion\Core\Systems\GameSceneLifetimeScope.cs(47,48): warning CS0649: 'GameSceneLifetimeScope.skillUIControllerPrefab' 필드에는 할당되지 않으므로 항상 null 기본값을 사용합니다.
Assets\Nytherion\Gameplay\Items\ItemPickup.cs(20,45): warning CS0649: 'ItemPickup.pickupType' 필드에는 할당되지 않으므로 항상  기본값을 사용합니다.
Assets\Nytherion\Gameplay\Dungeon\Generation\TilemapVisualizer.cs(28,43): warning CS0649: 'TilemapVisualizer.floorTile' 필드에는 할당되지 않으므로 항상 null 기본값을 사용합니다.
Assets\Nytherion\Gameplay\Combat\Weapons\Melee\FlambergeWeapon.cs(62,44): warning CS0649: 'FlambergeWeapon.visualTransform' 필드에는 할당되지 않으므로 항상 null 기본값을 사용합니다.
Assets\Nytherion\Core\Systems\RootLifetimeScope.cs(37,43): warning CS0649: 'RootLifetimeScope.inputManagerPrefab' 필드에는 할당되지 않으므로 항상 null 기본값을 사용합니다.
Assets\Nytherion\UI\Settings\SettingsManager.cs(27,49): warning CS0649: 'SettingsManager.bgmInputField' 필드에는 할당되지 않으므로 항상 null 기본값을 사용합니다.
Assets\Nytherion\Gameplay\Characters\Enemy\EnemyDeathDissolve.cs(36,32): warning CS0649: 'EnemyDeathDissolve.fragmentParticles' 필드에는 할당되지 않으므로 항상 null 기본값을 사용합니다.
Assets\Nytherion\Gameplay\Combat\Weapons\Ranged\GuardianStaffWeapon.cs(14,62): warning CS0649: 'GuardianStaffWeapon.attackEffects' 필드에는 할당되지 않으므로 항상 null 기본값을 사용합니다.
Assets\Nytherion\UI\Progression\MilestoneUIController.cs(20,50): warning CS0649: 'MilestoneUIController.slotPrefab' 필드에는 할당되지 않으므로 항상 null 기본값을 사용합니다.
Assets\Nytherion\Core\Systems\GameSceneUIRefs.cs(31,41): warning CS0649: 'GameSceneUIRefs.equipmentPanel' 필드에는 할당되지 않으므로 항상 null 기본값을 사용합니다.
Assets\Nytherion\UI\Title\TitleMenuManager.cs(16,41): warning CS0649: 'TitleMenuManager.quitButton' 필드에는 할당되지 않으므로 항상 null 기본값을 사용합니다.
Assets\Nytherion\Core\Systems\VillageSceneLifetimeScope.cs(52,50): warning CS0649: 'VillageSceneLifetimeScope.relicSystemDebuggerPrefab' 필드에는 할당되지 않으므로 항상 null 기본값을 사용합니다.
Assets\Nytherion\Core\Systems\GameSceneLifetimeScope.cs(67,49): warning CS0649: 'GameSceneLifetimeScope.progressionDebugUI' 필드에는 할당되지 않으므로 항상 null 기본값을 사용합니다.
Assets\Nytherion\UI\Relics\Board\RelicGridUI.cs(50,45): warning CS0649: 'RelicGridUI.levelDownGizmoPrefab' 필드에는 할당되지 않으므로 항상 null 기본값을 사용합니다.
Assets\Nytherion\Gameplay\Characters\Enemy\Tree_Monster\TreeMeleeAttackEffect.cs(10,43): warning CS0649: 'TreeMeleeAttackEffect.effectAnimator' 필드에는 할당되지 않으므로 항상 null 기본값을 사용합니다.
Assets\Nytherion\Core\Systems\VillageSceneLifetimeScope.cs(37,37): warning CS0649: 'VillageSceneLifetimeScope.shopUIPrefab' 필드에는 할당되지 않으므로 항상 null 기본값을 사용합니다.
Assets\Nytherion\Gameplay\Combat\Weapons\Melee\Abaddon.cs(26,45): warning CS0649: 'Abaddon.rightEffectObject' 필드에는 할당되지 않으므로 항상 null 기본값을 사용합니다.
Assets\Nytherion\UI\Progression\MilestoneSlotUI.cs(18,40): warning CS0649: 'MilestoneSlotUI.iconImage' 필드에는 할당되지 않으므로 항상 null 기본값을 사용합니다.
Assets\Nytherion\Gameplay\Characters\Enemy\MushroomEnemyProjectile.cs(14,49): warning CS0649: 'MushroomEnemyProjectile.shadowRenderer' 필드에는 할당되지 않으므로 항상 null 기본값을 사용합니다.
Assets\Nytherion\Core\Systems\GameSceneLifetimeScope.cs(53,47): warning CS0649: 'GameSceneLifetimeScope.inventoryManagerPrefab' 필드에는 할당되지 않으므로 항상 null 기본값을 사용합니다.
Assets\Nytherion\Core\Systems\VillageSceneLifetimeScope.cs(42,51): warning CS0649: 'VillageSceneLifetimeScope.currencyUIControllerPrefab' 필드에는 할당되지 않으므로 항상 null 기본값을 사용합니다.
Assets\Nytherion\Core\Systems\VillageSceneLifetimeScope.cs(45,44): warning CS0649: 'VillageSceneLifetimeScope.playerManagerPrefab' 필드에는 할당되지 않으므로 항상 null 기본값을 사용합니다.
Assets\Nytherion\UI\Title\TitleMenuManager.cs(15,41): warning CS0649: 'TitleMenuManager.settingsButton' 필드에는 할당되지 않으므로 항상 null 기본값을 사용합니다.
Assets\Nytherion\Core\Systems\VillageSceneLifetimeScope.cs(48,47): warning CS0649: 'VillageSceneLifetimeScope.inventoryManagerPrefab' 필드에는 할당되지 않으므로 항상 null 기본값을 사용합니다.
Assets\Nytherion\Core\Systems\GameSceneUIRefs.cs(130,41): warning CS0649: 'GameSceneUIRefs.menuSettingsPanel' 필드에는 할당되지 않으므로 항상 null 기본값을 사용합니다.
Assets\Nytherion\Core\Systems\DataLifetimeScope.cs(24,51): warning CS0649: 'DataLifetimeScope.skillDataManagerPrefab' 필드에는 할당되지 않으므로 항상 null 기본값을 사용합니다.
Assets\Nytherion\Gameplay\Combat\Proj\Types\IceShotProj.cs(18,44): warning CS0649: 'IceShotProj.trailTexture' 필드에는 할당되지 않으므로 항상 null 기본값을 사용합니다.
Assets\Nytherion\Core\Systems\VillageSceneLifetimeScope.cs(25,46): warning CS0169: 'VillageSceneLifetimeScope.gameSceneUIRefs' 필드가 사용되지 않았습니다.
Assets\Nytherion\Gameplay\Characters\Companions\SummonedCompanion.cs(21,45): warning CS0649: 'SummonedCompanion.visual' 필드에는 할당되지 않으므로 항상 null 기본값을 사용합니다.
Assets\Nytherion\Gameplay\Combat\Weapons\Melee\ShortDagger.cs(53,45): warning CS0649: 'ShortDagger.swingEffectObject' 필드에는 할당되지 않으므로 항상 null 기본값을 사용합니다.
Assets\Nytherion\Core\Systems\GameSceneUIRefs.cs(64,46): warning CS0649: 'GameSceneUIRefs.gachaTypeTitleText' 필드에는 할당되지 않으므로 항상 null 기본값을 사용합니다.
Assets\Nytherion\Core\Systems\GameSceneUIRefs.cs(159,48): warning CS0649: 'GameSceneUIRefs.currencyDisplays' 필드에는 할당되지 않으므로 항상 null 기본값을 사용합니다.
Assets\Nytherion\Core\Systems\GameSceneUIRefs.cs(84,43): warning CS0649: 'GameSceneUIRefs.languageDropdown' 필드에는 할당되지 않으므로 항상 null 기본값을 사용합니다.
Assets\Nytherion\UI\Relics\Board\RelicTooltip.cs(28,46): warning CS0649: 'RelicTooltip.setText' 필드에는 할당되지 않으므로 항상 null 기본값을 사용합니다.
Assets\Nytherion\UI\Shop\ShopSlotUI.cs(19,40): warning CS0649: 'ShopSlotUI.iconImage' 필드에는 할당되지 않으므로 항상 null 기본값을 사용합니다.
Assets\Nytherion\Core\Systems\GameSceneLifetimeScope.cs(63,49): warning CS0649: 'GameSceneLifetimeScope.gameSceneUIManager' 필드에는 할당되지 않으므로 항상 null 기본값을 사용합니다.
Assets\Nytherion\Gameplay\Combat\Weapons\Melee\Abaddon.cs(30,43): warning CS0649: 'Abaddon.localEffectAnimator' 필드에는 할당되지 않으므로 항상 null 기본값을 사용합니다.
Assets\Nytherion\Core\Systems\GameSceneUIRefs.cs(134,41): warning CS0649: 'GameSceneUIRefs.menuControlsPanel' 필드에는 할당되지 않으므로 항상 null 기본값을 사용합니다.
Assets\Nytherion\UI\Skills\SkillTooltip.cs(15,50): warning CS0649: 'SkillTooltip.nameText' 필드에는 할당되지 않으므로 항상 null 기본값을 사용합니다.
Assets\Nytherion\Gameplay\Combat\Proj\Movement\HomingProj.cs(16,39): warning CS0649: 'HomingProj.useConstantSpeed' 필드에는 할당되지 않으므로 항상 false 기본값을 사용합니다.
Assets\Nytherion\Core\Systems\GameSceneUIRefs.cs(78,37): warning CS0649: 'GameSceneUIRefs.sfxSlider' 필드에는 할당되지 않으므로 항상 null 기본값을 사용합니다.
Assets\Nytherion\UI\Shop\BuyPopupUI.cs(11,40): warning CS0649: 'BuyPopupUI.iconImage' 필드에는 할당되지 않으므로 항상 null 기본값을 사용합니다.
Assets\Nytherion\Gameplay\Characters\Companions\BoomMaker.cs(16,45): warning CS0649: 'BoomMaker.explosiveRobotPrefab' 필드에는 할당되지 않으므로 항상 null 기본값을 사용합니다.
Assets\Nytherion\Core\Systems\GameSceneLifetimeScope.cs(64,46): warning CS0649: 'GameSceneLifetimeScope.globalUIManagerPrefab' 필드에는 할당되지 않으므로 항상 null 기본값을 사용합니다.
Assets\Nytherion\Gameplay\Skills\Abilities\PyroTank\PyroTankController.cs(18,44): warning CS0649: 'PyroTankController.jumpVisual' 필드에는 할당되지 않으므로 항상 null 기본값을 사용합니다.
Assets\Nytherion\UI\Debug\DebugPanelUI.cs(32,43): warning CS0649: 'DebugPanelUI.statusText' 필드에는 할당되지 않으므로 항상 null 기본값을 사용합니다.
Assets\Nytherion\Gameplay\Dungeon\Navigation\DungeonNavMeshBuilder.cs(9,45): warning CS0649: 'DungeonNavMeshBuilder.batNavMeshSurface' 필드에는 할당되지 않으므로 항상 null 기본값을 사용합니다.
Assets\Nytherion\UI\Debug\DebugPanelUI.cs(30,45): warning CS0649: 'DebugPanelUI.contentPanel' 필드에는 할당되지 않으므로 항상 null 기본값을 사용합니다.
Assets\Nytherion\Core\Systems\GameSceneLifetimeScope.cs(41,48): warning CS0649: 'GameSceneLifetimeScope.relicUIControllerPrefab' 필드에는 할당되지 않으므로 항상 null 기본값을 사용합니다.
Assets\Nytherion\Gameplay\Characters\Enemy\BagEnemyProjectile.cs(20,45): warning CS0649: 'BagEnemyProjectile.attackRangePreview' 필드에는 할당되지 않으므로 항상 null 기본값을 사용합니다.
Assets\PyroTankExplosionEvent.cs(8,48): warning CS0649: 'PyroTankExplosionEvent.pyroTankController' 필드에는 할당되지 않으므로 항상 null 기본값을 사용합니다.
Assets\Nytherion\Core\Systems\GameSceneLifetimeScope.cs(50,44): warning CS0649: 'GameSceneLifetimeScope.playerManagerPrefab' 필드에는 할당되지 않으므로 항상 null 기본값을 사용합니다.
Assets\Nytherion\UI\HUD\HPBarUI.cs(11,40): warning CS0649: 'HPBarUI.hpFillImage' 필드에는 할당되지 않으므로 항상 null 기본값을 사용합니다.
Assets\Nytherion\UI\Map\WorldmapController.cs(27,50): warning CS0649: 'WorldmapController.StageNumber' 필드에는 할당되지 않으므로 항상 null 기본값을 사용합니다.
Assets\Nytherion\Core\Systems\GameSceneLifetimeScope.cs(57,50): warning CS0649: 'GameSceneLifetimeScope.relicSystemDebuggerPrefab' 필드에는 할당되지 않으므로 항상 null 기본값을 사용합니다.
Assets\Nytherion\Core\Systems\GameSceneUIRefs.cs(58,37): warning CS0649: 'GameSceneUIRefs.gachaCloseButton' 필드에는 할당되지 않으므로 항상 null 기본값을 사용합니다.
Assets\Nytherion\Gameplay\Characters\Enemy\Frog_Monster\FrogJumpMovement.cs(47,45): warning CS0649: 'FrogJumpMovement.attackRangePreview' 필드에는 할당되지 않으므로 항상 null 기본값을 사용합니다.
Assets\Nytherion\UI\Debug\ProgressionDebugUI.cs(15,47): warning CS0649: 'ProgressionDebugUI.milestoneDropdown' 필드에는 할당되지 않으므로 항상 null 기본값을 사용합니다.
Assets\Nytherion\Core\Systems\GameSceneUIRefs.cs(48,41): warning CS0649: 'GameSceneUIRefs.relicSubPanel' 필드에는 할당되지 않으므로 항상 null 기본값을 사용합니다.
Assets\Nytherion\UI\Shop\BuyPopupUI.cs(17,41): warning CS0649: 'BuyPopupUI.cancelButton' 필드에는 할당되지 않으므로 항상 null 기본값을 사용합니다.
Assets\Nytherion\Gameplay\Combat\Weapons\Melee\ShortDagger.cs(55,45): warning CS0649: 'ShortDagger.swingUpEffectObject' 필드에는 할당되지 않으므로 항상 null 기본값을 사용합니다.
Assets\Nytherion\Gameplay\Characters\Enemy\MushroomEnemyProjectile.cs(11,45): warning CS0649: 'MushroomEnemyProjectile.explosionPrefab' 필드에는 할당되지 않으므로 항상 null 기본값을 사용합니다.
Assets\Nytherion\UI\Debug\ProgressionDebugUI.cs(21,41): warning CS0649: 'ProgressionDebugUI.maxProgressButton' 필드에는 할당되지 않으므로 항상 null 기본값을 사용합니다.
Assets\Nytherion\Core\Systems\GameSceneUIRefs.cs(76,37): warning CS0649: 'GameSceneUIRefs.bgmSlider' 필드에는 할당되지 않으므로 항상 null 기본값을 사용합니다.
Assets\Nytherion\Core\Systems\GameSceneUIRefs.cs(80,37): warning CS0649: 'GameSceneUIRefs.fullscreenToggle' 필드에는 할당되지 않으므로 항상 null 기본값을 사용합니다.
Assets\Nytherion\UI\Common\Components\TooltipPanel.cs(23,40): warning CS0649: 'TooltipPanel.itemImage' 필드에는 할당되지 않으므로 항상 null 기본값을 사용합니다.
Assets\Nytherion\Core\Systems\DataLifetimeScope.cs(17,50): warning CS0649: 'DataLifetimeScope.saveLoadManagerPrefab' 필드에는 할당되지 않으므로 항상 null 기본값을 사용합니다.
Assets\Nytherion\Core\Systems\VillageSceneLifetimeScope.cs(46,42): warning CS0649: 'VillageSceneLifetimeScope.menuManagerPrefab' 필드에는 할당되지 않으므로 항상 null 기본값을 사용합니다.
Assets\Nytherion\Core\Systems\VillageSceneLifetimeScope.cs(49,50): warning CS0649: 'VillageSceneLifetimeScope.currencyManagerPrefab' 필드에는 할당되지 않으므로 항상 null 기본값을 사용합니다.
Assets\Nytherion\Core\Systems\VillageSceneLifetimeScope.cs(38,48): warning CS0649: 'VillageSceneLifetimeScope.relicUIControllerPrefab' 필드에는 할당되지 않으므로 항상 null 기본값을 사용합니다.
Assets\Nytherion\Core\Managers\StageManager.cs(15,44): warning CS0649: 'StageManager.startingStage' 필드에는 할당되지 않으므로 항상 null 기본값을 사용합니다.
Assets\Nytherion\UI\Relics\Board\RelicGridUI.cs(52,45): warning CS0649: 'RelicGridUI.silenceGizmoPrefab' 필드에는 할당되지 않으므로 항상 null 기본값을 사용합니다.
Assets\Nytherion\Gameplay\Combat\Weapons\Melee\BlackSword.cs(12,45): warning CS0649: 'BlackSword.customSlashEffectPrefab' 필드에는 할당되지 않으므로 항상 null 기본값을 사용합니다.
Assets\Nytherion\Core\Systems\DataLifetimeScope.cs(21,55): warning CS0649: 'DataLifetimeScope.equipmentDataManagerPrefab' 필드에는 할당되지 않으므로 항상 null 기본값을 사용합니다.
Assets\Nytherion\Gameplay\Skills\Abilities\Blackhole\BlackholeField.cs(26,40): warning CS0649: 'BlackholeField.centerVisual' 필드에는 할당되지 않으므로 항상 null 기본값을 사용합니다.
Assets\Nytherion\Gameplay\Combat\Weapons\Ranged\BlazeshadeWeapon.cs(25,45): warning CS0649: 'BlazeshadeWeapon.targetAttackVisualPrefab' 필드에는 할당되지 않으므로 항상 null 기본값을 사용합니다.
Assets\Nytherion\Gameplay\Combat\Weapons\Ranged\WeaponLaserBeam.cs(21,49): warning CS0649: 'WeaponLaserBeam.endEffectRenderer' 필드에는 할당되지 않으므로 항상 null 기본값을 사용합니다.
Assets\Nytherion\Core\Managers\AudioManager.cs(15,44): warning CS0649: 'AudioManager.villageBGM' 필드에는 할당되지 않으므로 항상 null 기본값을 사용합니다.
Assets\Nytherion\Gameplay\Characters\Enemy\BagEnemyProjectile.cs(14,45): warning CS0649: 'BagEnemyProjectile.explosionPrefab' 필드에는 할당되지 않으므로 항상 null 기본값을 사용합니다.
Assets\Nytherion\Core\Systems\DataLifetimeScope.cs(23,47): warning CS0649: 'DataLifetimeScope.stageManagerPrefab' 필드에는 할당되지 않으므로 항상 null 기본값을 사용합니다.
Assets\Nytherion\UI\Shop\BuyPopupUI.cs(15,41): warning CS0649: 'BuyPopupUI.amountSlider' 필드에는 할당되지 않으므로 항상 null 기본값을 사용합니다.
Assets\Nytherion\Gameplay\Combat\Weapons\Melee\ShortDagger.cs(26,40): warning CS0414: 'ShortDagger.thrustDistance' 필드가 할당되었지만 사용되지 않았습니다.
Assets\Nytherion\Gameplay\Skills\Abilities\PyroTank\PyroTankController.cs(34,23): warning CS0414: 'PyroTankController.explosionEndsAt' 필드가 할당되었지만 사용되지 않았습니다.
Assets\Nytherion\Gameplay\Combat\Weapons\Melee\ShortDagger.cs(79,41): warning CS0414: 'ShortDagger.thrustEffectStateName' 필드가 할당되었지만 사용되지 않았습니다.
Assets\Nytherion\Gameplay\Combat\Weapons\Melee\ShortDagger.cs(112,40): warning CS0414: 'ShortDagger.swingDistance' 필드가 할당되었지만 사용되지 않았습니다.
